// Jest Snapshot v1, https://goo.gl/fbAQLP

exports[`Form header snapshot 1`] = `
<RCTSafeAreaView
  style={
    Object {
      "backgroundColor": "#e0b0ff",
      "flex": 1,
    }
  }
>
  <View
    style={
      Object {
        "backgroundColor": "orange",
        "height": 100,
        "left": 0,
        "position": "absolute",
        "top": 0,
        "width": "100%",
      }
    }
  />
  <RCTScrollView>
    <View>
      <View
        collapsable={false}
        style={
          Object {
            "alignItems": "center",
            "backgroundColor": "orange",
            "elevation": 4,
            "flexDirection": "row",
            "height": 56,
            "paddingHorizontal": 4,
            "shadowColor": "#000000",
            "shadowOffset": Object {
              "height": 3,
              "width": 0,
            },
            "shadowOpacity": 0.24,
            "shadowRadius": 4,
          }
        }
      >
        <View
          accessibilityLabel="Back"
          accessibilityRole="button"
          accessibilityState={
            Object {
              "disabled": false,
            }
          }
          accessible={true}
          focusable={true}
          hitSlop={
            Object {
              "bottom": 6,
              "left": 6,
              "right": 6,
              "top": 6,
            }
          }
          onClick={[Function]}
          onResponderGrant={[Function]}
          onResponderMove={[Function]}
          onResponderRelease={[Function]}
          onResponderTerminate={[Function]}
          onResponderTerminationRequest={[Function]}
          onStartShouldSetResponder={[Function]}
          style={
            Array [
              Object {
                "overflow": "hidden",
              },
              Array [
                Object {
                  "alignItems": "center",
                  "justifyContent": "center",
                  "margin": 6,
                  "overflow": "hidden",
                },
                Object {
                  "borderRadius": 18,
                  "height": 36,
                  "width": 36,
                },
                undefined,
                undefined,
              ],
            ]
          }
        >
          <View>
            <View
              style={
                Array [
                  Object {
                    "alignItems": "center",
                    "justifyContent": "center",
                  },
                  Object {
                    "height": 24,
                    "width": 24,
                  },
                ]
              }
            >
              <View
                collapsable={false}
                style={
                  Object {
                    "bottom": 0,
                    "left": 0,
                    "opacity": 1,
                    "position": "absolute",
                    "right": 0,
                    "top": 0,
                    "transform": Array [
                      Object {
                        "rotate": "0deg",
                      },
                    ],
                  }
                }
              >
                <View
                  style={
                    Array [
                      Object {
                        "alignItems": "center",
                        "justifyContent": "center",
                      },
                      Object {
                        "height": 24,
                        "transform": Array [
                          Object {
                            "scaleX": 1,
                          },
                        ],
                        "width": 24,
                      },
                    ]
                  }
                >
                  <Image
                    source={
                      Object {
                        "testUri": "../../react-native-paper/lib/commonjs/assets/back-chevron.png",
                      }
                    }
                    style={
                      Array [
                        Object {
                          "resizeMode": "contain",
                        },
                        Object {
                          "height": 21,
                          "tintColor": "white",
                          "width": 21,
                        },
                      ]
                    }
                  />
                </View>
              </View>
            </View>
          </View>
        </View>
        <View
          accessibilityState={
            Object {
              "disabled": true,
            }
          }
          accessible={true}
          focusable={false}
          onClick={[Function]}
          onResponderGrant={[Function]}
          onResponderMove={[Function]}
          onResponderRelease={[Function]}
          onResponderTerminate={[Function]}
          onResponderTerminationRequest={[Function]}
          onStartShouldSetResponder={[Function]}
          style={
            Array [
              Object {
                "flex": 1,
                "paddingHorizontal": 12,
              },
              Array [
                Object {
                  "marginLeft": 8,
                },
                Object {
                  "alignItems": "center",
                },
                undefined,
              ],
            ]
          }
        >
          <Text
            accessibilityRole="header"
            accessibilityTraits="header"
            accessible={true}
            numberOfLines={1}
            style={
              Array [
                Object {
                  "color": "#000000",
                  "fontFamily": "System",
                  "fontWeight": "400",
                },
                Object {
                  "textAlign": "left",
                },
                Array [
                  Object {
                    "color": "white",
                    "fontFamily": "System",
                    "fontWeight": "400",
                  },
                  Object {
                    "fontSize": 17,
                  },
                  undefined,
                ],
              ]
            }
          >
            Register
          </Text>
        </View>
        <View
          style={
            Object {
              "width": 48,
            }
          }
        />
      </View>
      <View
        style={
          Object {
            "justifyContent": "center",
            "padding": 20,
            "paddingTop": 100,
          }
        }
      >
        <View
          collapsable={false}
          style={
            Object {
              "backgroundColor": "#ffffff",
              "borderColor": "rgba(0, 0, 0, 0.12)",
              "borderRadius": 4,
              "elevation": 1,
              "shadowColor": "#000000",
              "shadowOffset": Object {
                "height": 0.5,
                "width": 0,
              },
              "shadowOpacity": 0.24,
              "shadowRadius": 0.75,
            }
          }
        >
          <View
            accessibilityState={
              Object {
                "disabled": true,
              }
            }
            accessible={true}
            focusable={false}
            onClick={[Function]}
            onResponderGrant={[Function]}
            onResponderMove={[Function]}
            onResponderRelease={[Function]}
            onResponderTerminate={[Function]}
            onResponderTerminationRequest={[Function]}
            onStartShouldSetResponder={[Function]}
            style={
              Object {
                "flexGrow": 1,
                "flexShrink": 1,
              }
            }
          >
            <View
              style={
                Array [
                  Object {
                    "alignItems": "center",
                    "flexDirection": "row",
                    "justifyContent": "space-between",
                    "paddingLeft": 16,
                  },
                  Object {
                    "minHeight": 50,
                  },
                  undefined,
                ]
              }
            >
              <View
                style={
                  Array [
                    Object {
                      "flex": 1,
                      "flexDirection": "column",
                      "justifyContent": "center",
                    },
                  ]
                }
              >
                <Text
                  numberOfLines={1}
                  style={
                    Array [
                      Object {
                        "color": "#000000",
                        "fontFamily": "System",
                        "fontWeight": "400",
                      },
                      Object {
                        "textAlign": "left",
                      },
                      Array [
                        Object {
                          "textAlign": "left",
                        },
                        Object {
                          "color": "rgba(0, 0, 0, 0.87)",
                          "fontFamily": "System",
                          "fontWeight": "500",
                          "writingDirection": "ltr",
                        },
                        Array [
                          Object {
                            "fontSize": 20,
                            "letterSpacing": 0.15,
                            "lineHeight": 30,
                            "marginVertical": 2,
                          },
                          Array [
                            Object {
                              "minHeight": 30,
                              "paddingRight": 16,
                            },
                            Object {
                              "marginBottom": 2,
                            },
                            undefined,
                          ],
                        ],
                      ],
                    ]
                  }
                >
                  Register
                </Text>
              </View>
              <View />
            </View>
            <View
              style={
                Array [
                  Object {
                    "paddingHorizontal": 16,
                  },
                  Object {
                    "paddingBottom": 16,
                  },
                  undefined,
                ]
              }
            >
              <View
                style={
                  Array [
                    Object {
                      "backgroundColor": "rgb(231, 231, 231)",
                      "borderTopLeftRadius": 4,
                      "borderTopRightRadius": 4,
                    },
                    Object {
                      "backgroundColor": "transparent",
                    },
                  ]
                }
              >
                <View
                  collapsable={false}
                  style={
                    Object {
                      "backgroundColor": "rgba(0, 0, 0, 0.26)",
                      "bottom": 0,
                      "height": 2,
                      "left": 0,
                      "position": "absolute",
                      "right": 0,
                      "transform": Array [
                        Object {
                          "scaleY": 0.5,
                        },
                      ],
                      "zIndex": 1,
                    }
                  }
                />
                <View
                  style={
                    Array [
                      Object {
                        "paddingBottom": 0,
                        "paddingTop": 0,
                      },
                      Object {
                        "minHeight": 64,
                      },
                    ]
                  }
                >
                  <View
                    collapsable={false}
                    pointerEvents="none"
                    style={
                      Object {
                        "bottom": 0,
                        "left": 0,
                        "opacity": 1,
                        "position": "absolute",
                        "right": 0,
                        "top": 0,
                        "transform": Array [
                          Object {
                            "translateX": 0,
                          },
                        ],
                        "zIndex": 3,
                      }
                    }
                  >
                    <Text
                      collapsable={false}
                      maxFontSizeMultiplier={1.5}
                      numberOfLines={1}
                      onLayout={[Function]}
                      style={
                        Object {
                          "color": "#6200ee",
                          "fontFamily": "System",
                          "fontSize": 16,
                          "fontWeight": undefined,
                          "left": 0,
                          "opacity": 0,
                          "paddingLeft": 12,
                          "paddingRight": 12,
                          "position": "absolute",
                          "textAlign": "left",
                          "top": 34,
                          "transform": Array [
                            Object {
                              "translateX": 0,
                            },
                            Object {
                              "translateY": 0,
                            },
                            Object {
                              "scale": 1,
                            },
                          ],
                          "writingDirection": "ltr",
                        }
                      }
                    >
                      Name
                    </Text>
                    <Text
                      collapsable={false}
                      maxFontSizeMultiplier={1.5}
                      numberOfLines={1}
                      style={
                        Object {
                          "color": "rgba(0, 0, 0, 0.54)",
                          "fontFamily": "System",
                          "fontSize": 16,
                          "fontWeight": undefined,
                          "left": 0,
                          "opacity": 0,
                          "paddingLeft": 12,
                          "paddingRight": 12,
                          "position": "absolute",
                          "textAlign": "left",
                          "top": 34,
                          "transform": Array [
                            Object {
                              "translateX": 0,
                            },
                            Object {
                              "translateY": 0,
                            },
                            Object {
                              "scale": 1,
                            },
                          ],
                          "writingDirection": "ltr",
                        }
                      }
                    >
                      Name
                    </Text>
                  </View>
                  <TextInput
                    editable={true}
                    maxFontSizeMultiplier={1.5}
                    multiline={false}
                    onBlur={[Function]}
                    onChangeText={[Function]}
                    onFocus={[Function]}
                    placeholder=" "
                    placeholderTextColor="rgba(0, 0, 0, 0.54)"
                    selectionColor="#6200ee"
                    style={
                      Array [
                        Object {
                          "flexGrow": 1,
                          "margin": 0,
                        },
                        Object {
                          "paddingLeft": 12,
                          "paddingRight": 12,
                        },
                        Object {
                          "height": 64,
                        },
                        Object {
                          "paddingBottom": 4,
                          "paddingTop": 24,
                        },
                        Object {
                          "color": "#000000",
                          "fontFamily": "System",
                          "fontSize": 16,
                          "fontVariant": undefined,
                          "fontWeight": undefined,
                          "textAlign": "left",
                          "textAlignVertical": "center",
                        },
                        false,
                        Array [
                          Object {},
                        ],
                      ]
                    }
                    testID="text-input-flat"
                    underlineColorAndroid="transparent"
                  />
                </View>
              </View>
              <View
                style={
                  Array [
                    Object {
                      "backgroundColor": "rgb(231, 231, 231)",
                      "borderTopLeftRadius": 4,
                      "borderTopRightRadius": 4,
                    },
                    Object {
                      "backgroundColor": "transparent",
                    },
                  ]
                }
              >
                <View
                  collapsable={false}
                  style={
                    Object {
                      "backgroundColor": "rgba(0, 0, 0, 0.26)",
                      "bottom": 0,
                      "height": 2,
                      "left": 0,
                      "position": "absolute",
                      "right": 0,
                      "transform": Array [
                        Object {
                          "scaleY": 0.5,
                        },
                      ],
                      "zIndex": 1,
                    }
                  }
                />
                <View
                  style={
                    Array [
                      Object {
                        "paddingBottom": 0,
                        "paddingTop": 0,
                      },
                      Object {
                        "minHeight": 64,
                      },
                    ]
                  }
                >
                  <View
                    collapsable={false}
                    pointerEvents="none"
                    style={
                      Object {
                        "bottom": 0,
                        "left": 0,
                        "opacity": 1,
                        "position": "absolute",
                        "right": 0,
                        "top": 0,
                        "transform": Array [
                          Object {
                            "translateX": 0,
                          },
                        ],
                        "zIndex": 3,
                      }
                    }
                  >
                    <Text
                      collapsable={false}
                      maxFontSizeMultiplier={1.5}
                      numberOfLines={1}
                      onLayout={[Function]}
                      style={
                        Object {
                          "color": "#6200ee",
                          "fontFamily": "System",
                          "fontSize": 16,
                          "fontWeight": undefined,
                          "left": 0,
                          "opacity": 0,
                          "paddingLeft": 12,
                          "paddingRight": 12,
                          "position": "absolute",
                          "textAlign": "left",
                          "top": 34,
                          "transform": Array [
                            Object {
                              "translateX": 0,
                            },
                            Object {
                              "translateY": 0,
                            },
                            Object {
                              "scale": 1,
                            },
                          ],
                          "writingDirection": "ltr",
                        }
                      }
                    >
                      Email
                    </Text>
                    <Text
                      collapsable={false}
                      maxFontSizeMultiplier={1.5}
                      numberOfLines={1}
                      style={
                        Object {
                          "color": "rgba(0, 0, 0, 0.54)",
                          "fontFamily": "System",
                          "fontSize": 16,
                          "fontWeight": undefined,
                          "left": 0,
                          "opacity": 0,
                          "paddingLeft": 12,
                          "paddingRight": 12,
                          "position": "absolute",
                          "textAlign": "left",
                          "top": 34,
                          "transform": Array [
                            Object {
                              "translateX": 0,
                            },
                            Object {
                              "translateY": 0,
                            },
                            Object {
                              "scale": 1,
                            },
                          ],
                          "writingDirection": "ltr",
                        }
                      }
                    >
                      Email
                    </Text>
                  </View>
                  <TextInput
                    editable={true}
                    keyboardType="email-address"
                    maxFontSizeMultiplier={1.5}
                    multiline={false}
                    onBlur={[Function]}
                    onChangeText={[Function]}
                    onFocus={[Function]}
                    placeholder=" "
                    placeholderTextColor="rgba(0, 0, 0, 0.54)"
                    selectionColor="#6200ee"
                    style={
                      Array [
                        Object {
                          "flexGrow": 1,
                          "margin": 0,
                        },
                        Object {
                          "paddingLeft": 12,
                          "paddingRight": 12,
                        },
                        Object {
                          "height": 64,
                        },
                        Object {
                          "paddingBottom": 4,
                          "paddingTop": 24,
                        },
                        Object {
                          "color": "#000000",
                          "fontFamily": "System",
                          "fontSize": 16,
                          "fontVariant": undefined,
                          "fontWeight": undefined,
                          "textAlign": "left",
                          "textAlignVertical": "center",
                        },
                        false,
                        Array [
                          Object {},
                        ],
                      ]
                    }
                    testID="text-input-flat"
                    underlineColorAndroid="transparent"
                  />
                </View>
              </View>
              <View
                style={
                  Array [
                    Object {
                      "backgroundColor": "rgb(231, 231, 231)",
                      "borderTopLeftRadius": 4,
                      "borderTopRightRadius": 4,
                    },
                    Object {
                      "backgroundColor": "transparent",
                    },
                  ]
                }
              >
                <View
                  collapsable={false}
                  style={
                    Object {
                      "backgroundColor": "rgba(0, 0, 0, 0.26)",
                      "bottom": 0,
                      "height": 2,
                      "left": 0,
                      "position": "absolute",
                      "right": 0,
                      "transform": Array [
                        Object {
                          "scaleY": 0.5,
                        },
                      ],
                      "zIndex": 1,
                    }
                  }
                />
                <View
                  style={
                    Array [
                      Object {
                        "paddingBottom": 0,
                        "paddingTop": 0,
                      },
                      Object {
                        "minHeight": 64,
                      },
                    ]
                  }
                >
                  <View
                    collapsable={false}
                    pointerEvents="none"
                    style={
                      Object {
                        "bottom": 0,
                        "left": 0,
                        "opacity": 1,
                        "position": "absolute",
                        "right": 0,
                        "top": 0,
                        "transform": Array [
                          Object {
                            "translateX": 0,
                          },
                        ],
                        "zIndex": 3,
                      }
                    }
                  >
                    <Text
                      collapsable={false}
                      maxFontSizeMultiplier={1.5}
                      numberOfLines={1}
                      onLayout={[Function]}
                      style={
                        Object {
                          "color": "#6200ee",
                          "fontFamily": "System",
                          "fontSize": 16,
                          "fontWeight": undefined,
                          "left": 0,
                          "opacity": 0,
                          "paddingLeft": 12,
                          "paddingRight": 12,
                          "position": "absolute",
                          "textAlign": "left",
                          "top": 34,
                          "transform": Array [
                            Object {
                              "translateX": 0,
                            },
                            Object {
                              "translateY": 0,
                            },
                            Object {
                              "scale": 1,
                            },
                          ],
                          "writingDirection": "ltr",
                        }
                      }
                    >
                      Password
                    </Text>
                    <Text
                      collapsable={false}
                      maxFontSizeMultiplier={1.5}
                      numberOfLines={1}
                      style={
                        Object {
                          "color": "rgba(0, 0, 0, 0.54)",
                          "fontFamily": "System",
                          "fontSize": 16,
                          "fontWeight": undefined,
                          "left": 0,
                          "opacity": 0,
                          "paddingLeft": 12,
                          "paddingRight": 12,
                          "position": "absolute",
                          "textAlign": "left",
                          "top": 34,
                          "transform": Array [
                            Object {
                              "translateX": 0,
                            },
                            Object {
                              "translateY": 0,
                            },
                            Object {
                              "scale": 1,
                            },
                          ],
                          "writingDirection": "ltr",
                        }
                      }
                    >
                      Password
                    </Text>
                  </View>
                  <TextInput
                    editable={true}
                    maxFontSizeMultiplier={1.5}
                    multiline={false}
                    onBlur={[Function]}
                    onChangeText={[Function]}
                    onFocus={[Function]}
                    placeholder=" "
                    placeholderTextColor="rgba(0, 0, 0, 0.54)"
                    secureTextEntry={true}
                    selectionColor="#6200ee"
                    style={
                      Array [
                        Object {
                          "flexGrow": 1,
                          "margin": 0,
                        },
                        Object {
                          "paddingLeft": 12,
                          "paddingRight": 12,
                        },
                        Object {
                          "height": 64,
                        },
                        Object {
                          "paddingBottom": 4,
                          "paddingTop": 24,
                        },
                        Object {
                          "color": "#000000",
                          "fontFamily": "System",
                          "fontSize": 16,
                          "fontVariant": undefined,
                          "fontWeight": undefined,
                          "textAlign": "left",
                          "textAlignVertical": "center",
                        },
                        false,
                        Array [
                          Object {},
                        ],
                      ]
                    }
                    testID="text-input-flat"
                    underlineColorAndroid="transparent"
                  />
                </View>
              </View>
              <View
                style={
                  Array [
                    Object {
                      "backgroundColor": "rgb(231, 231, 231)",
                      "borderTopLeftRadius": 4,
                      "borderTopRightRadius": 4,
                    },
                    Object {
                      "backgroundColor": "transparent",
                    },
                  ]
                }
              >
                <View
                  collapsable={false}
                  style={
                    Object {
                      "backgroundColor": "rgba(0, 0, 0, 0.26)",
                      "bottom": 0,
                      "height": 2,
                      "left": 0,
                      "position": "absolute",
                      "right": 0,
                      "transform": Array [
                        Object {
                          "scaleY": 0.5,
                        },
                      ],
                      "zIndex": 1,
                    }
                  }
                />
                <View
                  style={
                    Array [
                      Object {
                        "paddingBottom": 0,
                        "paddingTop": 0,
                      },
                      Object {
                        "minHeight": 64,
                      },
                    ]
                  }
                >
                  <View
                    collapsable={false}
                    pointerEvents="none"
                    style={
                      Object {
                        "bottom": 0,
                        "left": 0,
                        "opacity": 1,
                        "position": "absolute",
                        "right": 0,
                        "top": 0,
                        "transform": Array [
                          Object {
                            "translateX": 0,
                          },
                        ],
                        "zIndex": 3,
                      }
                    }
                  >
                    <Text
                      collapsable={false}
                      maxFontSizeMultiplier={1.5}
                      numberOfLines={1}
                      onLayout={[Function]}
                      style={
                        Object {
                          "color": "#6200ee",
                          "fontFamily": "System",
                          "fontSize": 16,
                          "fontWeight": undefined,
                          "left": 0,
                          "opacity": 0,
                          "paddingLeft": 12,
                          "paddingRight": 12,
                          "position": "absolute",
                          "textAlign": "left",
                          "top": 34,
                          "transform": Array [
                            Object {
                              "translateX": 0,
                            },
                            Object {
                              "translateY": 0,
                            },
                            Object {
                              "scale": 1,
                            },
                          ],
                          "writingDirection": "ltr",
                        }
                      }
                    >
                      Confirm Password
                    </Text>
                    <Text
                      collapsable={false}
                      maxFontSizeMultiplier={1.5}
                      numberOfLines={1}
                      style={
                        Object {
                          "color": "rgba(0, 0, 0, 0.54)",
                          "fontFamily": "System",
                          "fontSize": 16,
                          "fontWeight": undefined,
                          "left": 0,
                          "opacity": 0,
                          "paddingLeft": 12,
                          "paddingRight": 12,
                          "position": "absolute",
                          "textAlign": "left",
                          "top": 34,
                          "transform": Array [
                            Object {
                              "translateX": 0,
                            },
                            Object {
                              "translateY": 0,
                            },
                            Object {
                              "scale": 1,
                            },
                          ],
                          "writingDirection": "ltr",
                        }
                      }
                    >
                      Confirm Password
                    </Text>
                  </View>
                  <TextInput
                    editable={true}
                    maxFontSizeMultiplier={1.5}
                    multiline={false}
                    onBlur={[Function]}
                    onChangeText={[Function]}
                    onFocus={[Function]}
                    placeholder=" "
                    placeholderTextColor="rgba(0, 0, 0, 0.54)"
                    secureTextEntry={true}
                    selectionColor="#6200ee"
                    style={
                      Array [
                        Object {
                          "flexGrow": 1,
                          "margin": 0,
                        },
                        Object {
                          "paddingLeft": 12,
                          "paddingRight": 12,
                        },
                        Object {
                          "height": 64,
                        },
                        Object {
                          "paddingBottom": 4,
                          "paddingTop": 24,
                        },
                        Object {
                          "color": "#000000",
                          "fontFamily": "System",
                          "fontSize": 16,
                          "fontVariant": undefined,
                          "fontWeight": undefined,
                          "textAlign": "left",
                          "textAlignVertical": "center",
                        },
                        false,
                        Array [
                          Object {},
                        ],
                      ]
                    }
                    testID="text-input-flat"
                    underlineColorAndroid="transparent"
                  />
                </View>
              </View>
              <View
                style={
                  Array [
                    Object {
                      "backgroundColor": "rgb(231, 231, 231)",
                      "borderTopLeftRadius": 4,
                      "borderTopRightRadius": 4,
                    },
                    Object {
                      "backgroundColor": "transparent",
                    },
                  ]
                }
              >
                <View
                  collapsable={false}
                  style={
                    Object {
                      "backgroundColor": "rgba(0, 0, 0, 0.26)",
                      "bottom": 0,
                      "height": 2,
                      "left": 0,
                      "position": "absolute",
                      "right": 0,
                      "transform": Array [
                        Object {
                          "scaleY": 0.5,
                        },
                      ],
                      "zIndex": 1,
                    }
                  }
                />
                <View
                  style={
                    Array [
                      Object {
                        "paddingBottom": 0,
                        "paddingTop": 0,
                      },
                      Object {
                        "minHeight": 64,
                      },
                    ]
                  }
                >
                  <View
                    collapsable={false}
                    pointerEvents="none"
                    style={
                      Object {
                        "bottom": 0,
                        "left": 0,
                        "opacity": 1,
                        "position": "absolute",
                        "right": 0,
                        "top": 0,
                        "transform": Array [
                          Object {
                            "translateX": 0,
                          },
                        ],
                        "zIndex": 3,
                      }
                    }
                  >
                    <Text
                      collapsable={false}
                      maxFontSizeMultiplier={1.5}
                      numberOfLines={1}
                      onLayout={[Function]}
                      style={
                        Object {
                          "color": "#6200ee",
                          "fontFamily": "System",
                          "fontSize": 16,
                          "fontWeight": undefined,
                          "left": 0,
                          "opacity": 0,
                          "paddingLeft": 12,
                          "paddingRight": 12,
                          "position": "absolute",
                          "textAlign": "left",
                          "top": 34,
                          "transform": Array [
                            Object {
                              "translateX": 0,
                            },
                            Object {
                              "translateY": 0,
                            },
                            Object {
                              "scale": 1,
                            },
                          ],
                          "writingDirection": "ltr",
                        }
                      }
                    >
                      Phone Number
                    </Text>
                    <Text
                      collapsable={false}
                      maxFontSizeMultiplier={1.5}
                      numberOfLines={1}
                      style={
                        Object {
                          "color": "rgba(0, 0, 0, 0.54)",
                          "fontFamily": "System",
                          "fontSize": 16,
                          "fontWeight": undefined,
                          "left": 0,
                          "opacity": 0,
                          "paddingLeft": 12,
                          "paddingRight": 12,
                          "position": "absolute",
                          "textAlign": "left",
                          "top": 34,
                          "transform": Array [
                            Object {
                              "translateX": 0,
                            },
                            Object {
                              "translateY": 0,
                            },
                            Object {
                              "scale": 1,
                            },
                          ],
                          "writingDirection": "ltr",
                        }
                      }
                    >
                      Phone Number
                    </Text>
                  </View>
                  <TextInput
                    editable={true}
                    keyboardType="phone-pad"
                    maxFontSizeMultiplier={1.5}
                    multiline={false}
                    onBlur={[Function]}
                    onChangeText={[Function]}
                    onFocus={[Function]}
                    placeholder=" "
                    placeholderTextColor="rgba(0, 0, 0, 0.54)"
                    selectionColor="#6200ee"
                    style={
                      Array [
                        Object {
                          "flexGrow": 1,
                          "margin": 0,
                        },
                        Object {
                          "paddingLeft": 12,
                          "paddingRight": 12,
                        },
                        Object {
                          "height": 64,
                        },
                        Object {
                          "paddingBottom": 4,
                          "paddingTop": 24,
                        },
                        Object {
                          "color": "#000000",
                          "fontFamily": "System",
                          "fontSize": 16,
                          "fontVariant": undefined,
                          "fontWeight": undefined,
                          "textAlign": "left",
                          "textAlignVertical": "center",
                        },
                        false,
                        Array [
                          Object {},
                        ],
                      ]
                    }
                    testID="text-input-flat"
                    underlineColorAndroid="transparent"
                  />
                </View>
              </View>
              <View
                collapsable={false}
                style={
                  Object {
                    "backgroundColor": "orange",
                    "borderColor": "transparent",
                    "borderRadius": 4,
                    "borderStyle": "solid",
                    "borderWidth": 0,
                    "elevation": 2,
                    "margin": 15,
                    "marginLeft": 0,
                    "marginRight": 0,
                    "minWidth": 64,
                    "shadowColor": "#000000",
                    "shadowOffset": Object {
                      "height": 0.75,
                      "width": 0,
                    },
                    "shadowOpacity": 0.24,
                    "shadowRadius": 1.5,
                  }
                }
              >
                <View
                  accessibilityRole="button"
                  accessibilityState={
                    Object {
                      "disabled": false,
                    }
                  }
                  accessible={true}
                  focusable={true}
                  onClick={[Function]}
                  onResponderGrant={[Function]}
                  onResponderMove={[Function]}
                  onResponderRelease={[Function]}
                  onResponderTerminate={[Function]}
                  onResponderTerminationRequest={[Function]}
                  onStartShouldSetResponder={[Function]}
                  style={
                    Array [
                      Object {
                        "overflow": "hidden",
                      },
                      Object {
                        "borderRadius": 4,
                      },
                    ]
                  }
                >
                  <View
                    style={
                      Array [
                        Object {
                          "alignItems": "center",
                          "flexDirection": "row",
                          "justifyContent": "center",
                        },
                        undefined,
                      ]
                    }
                  >
                    <Text
                      numberOfLines={1}
                      selectable={false}
                      style={
                        Array [
                          Object {
                            "color": "#000000",
                            "fontFamily": "System",
                            "fontWeight": "400",
                          },
                          Object {
                            "textAlign": "left",
                          },
                          Array [
                            Object {
                              "letterSpacing": 1,
                              "marginHorizontal": 16,
                              "marginVertical": 9,
                              "textAlign": "center",
                            },
                            undefined,
                            Object {
                              "textTransform": "uppercase",
                            },
                            Object {
                              "color": "#ffffff",
                              "fontFamily": "System",
                              "fontWeight": "500",
                            },
                            Object {
                              "fontFamily": "System",
                              "fontWeight": "500",
                            },
                            undefined,
                          ],
                        ]
                      }
                    >
                      Register
                    </Text>
                  </View>
                </View>
              </View>
            </View>
          </View>
        </View>
      </View>
    </View>
  </RCTScrollView>
</RCTSafeAreaView>
`;
